=== RUN   TestPhase29LiveMeasure
{"time":"2026-10-02T03:12:10.307487387Z","level":"INFO","msg":"starting config change subscriber"}
    phase29_live_test.go:263: model=text-embedding-embedder_collection dimension=768 primary=oc/big-pickle
{"time":"2026-10-02T03:12:12.794072531Z","level":"INFO","msg":"request completed","request_id":"41efee7243ca8d47ab74a720104bb067","method":"POST","path":"/v1/chat/completions","status":200,"latency_ms":2485}
{"time":"2026-10-02T03:12:15.129466154Z","level":"INFO","msg":"request completed","request_id":"a69189e120b64dbba1126c38777cc757","method":"POST","path":"/v1/chat/completions","status":200,"latency_ms":2335}
{"time":"2026-10-02T03:12:15.354798602Z","level":"INFO","msg":"request completed","request_id":"e3be6f9c69378d9267e17696e8d88c58","method":"POST","path":"/v1/chat/completions","status":200,"latency_ms":1259}
{"time":"2026-10-02T03:12:16.058565041Z","level":"INFO","msg":"request completed","request_id":"9e6c18cc2309430379e4745ecda70213","method":"POST","path":"/v1/chat/completions","status":200,"latency_ms":2612}
{"time":"2026-10-02T03:12:19.101550092Z","level":"INFO","msg":"request completed","request_id":"e872b33678286fadd9a50d7728d811cd","method":"POST","path":"/v1/chat/completions","status":200,"latency_ms":3056}
{"time":"2026-10-02T03:12:20.192900982Z","level":"INFO","msg":"request completed","request_id":"75dbbee7e2679c50e4309ceb497294e0","method":"POST","path":"/v1/chat/completions","status":200,"latency_ms":4797}
{"time":"2026-10-02T03:12:20.236695597Z","level":"INFO","msg":"request completed","request_id":"2c771ae56d44c2521896b7618d173eaf","method":"POST","path":"/v1/chat/completions","status":200,"latency_ms":1134}
{"time":"2026-10-02T03:12:20.522627877Z","level":"INFO","msg":"request completed","request_id":"e93dcbc3736fe769ac72e996eabf9aef","method":"POST","path":"/v1/chat/completions","status":200,"latency_ms":3827}
{"time":"2026-10-02T03:12:20.72385126Z","level":"INFO","msg":"request completed","request_id":"6a41e3f745d5fdb4a3e690c08d0a2461","method":"POST","path":"/v1/chat/completions","status":200,"latency_ms":5978}
{"time":"2026-10-02T03:12:21.426279308Z","level":"INFO","msg":"request completed","request_id":"a436ea893fefef8a73caeeabbb91e5ea","method":"POST","path":"/v1/chat/completions","status":200,"latency_ms":1189}
{"time":"2026-10-02T03:12:21.806481334Z","level":"INFO","msg":"request completed","request_id":"06b988653299e4691291b362cc4abcdd","method":"POST","path":"/v1/chat/completions","status":200,"latency_ms":1082}
{"time":"2026-10-02T03:12:22.66286094Z","level":"INFO","msg":"request completed","request_id":"760ec3e668ca15a97a931abe4734664d","method":"POST","path":"/v1/chat/completions","status":200,"latency_ms":2469}
{"time":"2026-10-02T03:12:23.059310287Z","level":"INFO","msg":"request completed","request_id":"ce76700784075f58f7f2d7c8b2ef7b74","method":"POST","path":"/v1/chat/completions","status":200,"latency_ms":1252}
{"time":"2026-10-02T03:12:23.285928225Z","level":"INFO","msg":"request completed","request_id":"d013b5e88569ec5d238ccef214d9bcd6","method":"POST","path":"/v1/chat/completions","status":200,"latency_ms":2762}
{"time":"2026-10-02T03:12:23.985534039Z","level":"INFO","msg":"request completed","request_id":"4f7b11bdbc00900f1af505ddbcf59473","method":"POST","path":"/v1/chat/completions","status":200,"latency_ms":926}
{"time":"2026-10-02T03:12:24.94939938Z","level":"INFO","msg":"request completed","request_id":"3e496e5a9d428b7f575112b310056dc9","method":"POST","path":"/v1/chat/completions","status":200,"latency_ms":963}
{"time":"2026-10-02T03:12:25.040058643Z","level":"INFO","msg":"request completed","request_id":"3e60341a883693bf6c027e77f9c47542","method":"POST","path":"/v1/chat/completions","status":200,"latency_ms":2376}
{"time":"2026-10-02T03:12:25.168277446Z","level":"INFO","msg":"request completed","request_id":"e83e012d811f10cd1571d2a1bf71ec01","method":"POST","path":"/v1/chat/completions","status":200,"latency_ms":1882}
{"time":"2026-10-02T03:12:26.348257536Z","level":"INFO","msg":"request completed","request_id":"9ff8db4d62797194689c578945388afb","method":"POST","path":"/v1/chat/completions","status":200,"latency_ms":1203}
{"time":"2026-10-02T03:12:26.527149362Z","level":"INFO","msg":"request completed","request_id":"32cf3f836aabab90887e9dbcab3219bd","method":"POST","path":"/v1/chat/completions","status":200,"latency_ms":5100}
{"time":"2026-10-02T03:12:26.799084651Z","level":"INFO","msg":"request completed","request_id":"31e68a384524141da60db4473490ebd2","method":"POST","path":"/v1/chat/completions","status":200,"latency_ms":1003}
{"time":"2026-10-02T03:12:28.423833343Z","level":"INFO","msg":"request completed","request_id":"605c65dc8cfc09d31501e20b8c6e9fc9","method":"POST","path":"/v1/chat/completions","status":200,"latency_ms":1328}
{"time":"2026-10-02T03:12:28.504517081Z","level":"INFO","msg":"request completed","request_id":"cb408aa62ccee851e8404e506a543c96","method":"POST","path":"/v1/chat/completions","status":200,"latency_ms":2057}
{"time":"2026-10-02T03:12:28.526210817Z","level":"INFO","msg":"request completed","request_id":"565226c7b1c1ea904fdc239b9928314f","method":"POST","path":"/v1/chat/completions","status":200,"latency_ms":3576}
{"time":"2026-10-02T03:12:28.961443946Z","level":"INFO","msg":"request completed","request_id":"6afb6369c447f94699a197ce7b3400ea","method":"POST","path":"/v1/chat/completions","status":200,"latency_ms":1215}
{"time":"2026-10-02T03:12:30.652517169Z","level":"INFO","msg":"request completed","request_id":"916b54fc080324092e261ddcaff297d3","method":"POST","path":"/v1/chat/completions","status":200,"latency_ms":957}
{"time":"2026-10-02T03:12:30.669025267Z","level":"INFO","msg":"request completed","request_id":"422e2b7591535e76d763cccc1eee4f3a","method":"POST","path":"/v1/chat/completions","status":200,"latency_ms":1623}
{"time":"2026-10-02T03:12:31.117731712Z","level":"INFO","msg":"request completed","request_id":"2c5322624db2ad17a31111742cc910c4","method":"POST","path":"/v1/chat/completions","status":200,"latency_ms":2693}
{"time":"2026-10-02T03:12:31.534028849Z","level":"INFO","msg":"request completed","request_id":"fcf8ddfcfee80065dad2b85803938df6","method":"POST","path":"/v1/chat/completions","status":200,"latency_ms":1188}
{"time":"2026-10-02T03:12:32.992077636Z","level":"INFO","msg":"request completed","request_id":"e762137adf13c903ba0df03be36ba115","method":"POST","path":"/v1/chat/completions","status":200,"latency_ms":1346}
{"time":"2026-10-02T03:12:33.952172268Z","level":"INFO","msg":"request completed","request_id":"d3e4407436e8cc5b0ea9b865a9bd4593","method":"POST","path":"/v1/chat/completions","status":200,"latency_ms":1007}
{"time":"2026-10-02T03:12:34.297769663Z","level":"INFO","msg":"request completed","request_id":"0ef81b283b1b9628dd31b30c610c808a","method":"POST","path":"/v1/chat/completions","status":200,"latency_ms":3302}
{"time":"2026-10-02T03:12:34.953845164Z","level":"INFO","msg":"request completed","request_id":"29f574a9937abff768780cdec80c529b","method":"POST","path":"/v1/chat/completions","status":200,"latency_ms":1358}
{"time":"2026-10-02T03:12:35.889752243Z","level":"INFO","msg":"request completed","request_id":"836e672a53225df300779efd75484763","method":"POST","path":"/v1/chat/completions","status":200,"latency_ms":994}
{"time":"2026-10-02T03:12:35.911479036Z","level":"INFO","msg":"request completed","request_id":"0d77564afedb13baa9b9acc2defb3441","method":"POST","path":"/v1/chat/completions","status":200,"latency_ms":1665}
{"time":"2026-10-02T03:12:37.141780536Z","level":"INFO","msg":"request completed","request_id":"75c9f1c48eb6d02223bdcbd828e45077","method":"POST","path":"/v1/chat/completions","status":200,"latency_ms":1596}
{"time":"2026-10-02T03:12:39.23756098Z","level":"INFO","msg":"request completed","request_id":"5c31817ac95513f0026f400c4360cc05","method":"POST","path":"/v1/chat/completions","status":200,"latency_ms":3041}
{"time":"2026-10-02T03:12:39.493305936Z","level":"INFO","msg":"request completed","request_id":"9e950c3eda637000211d621d12e4f1e8","method":"POST","path":"/v1/chat/completions","status":200,"latency_ms":2648}
{"time":"2026-10-02T03:12:39.627800113Z","level":"INFO","msg":"request completed","request_id":"3fd388ae7eb8109799997dcaffc8be11","method":"POST","path":"/v1/chat/completions","status":200,"latency_ms":2133}
{"time":"2026-10-02T03:12:40.975960193Z","level":"INFO","msg":"request completed","request_id":"14b82f7c387b44a2c8717b37d6e6973a","method":"POST","path":"/v1/chat/completions","status":200,"latency_ms":1482}
{"time":"2026-10-02T03:12:41.330973011Z","level":"INFO","msg":"request completed","request_id":"21a575432752a6e5a53ed976152f0f73","method":"POST","path":"/v1/chat/completions","status":200,"latency_ms":1702}
{"time":"2026-10-02T03:12:42.29666837Z","level":"INFO","msg":"request completed","request_id":"6e8c22e651fa294d824f88c8320b5c7b","method":"POST","path":"/v1/chat/completions","status":499,"latency_ms":10001}
{"time":"2026-10-02T03:12:42.304471081Z","level":"INFO","msg":"request completed","request_id":"c48757f679943eb48db23f5fbd22bc22","method":"POST","path":"/v1/chat/completions","status":200,"latency_ms":973}
{"time":"2026-10-02T03:12:42.405871429Z","level":"INFO","msg":"request completed","request_id":"6f1b9e15be7106739cf50ec0bcd0d99e","method":"POST","path":"/v1/chat/completions","status":200,"latency_ms":3167}
{"time":"2026-10-02T03:12:43.170864781Z","level":"INFO","msg":"request completed","request_id":"fa67eda2fb51955405e961fa2b6f7e8b","method":"POST","path":"/v1/chat/completions","status":200,"latency_ms":874}
{"time":"2026-10-02T03:12:44.06980876Z","level":"INFO","msg":"request completed","request_id":"4b3db4d89f2004d96733a732724a1827","method":"POST","path":"/v1/chat/completions","status":200,"latency_ms":1764}
{"time":"2026-10-02T03:12:45.374701764Z","level":"INFO","msg":"request completed","request_id":"14aa44ba06585cdb79c90e41750145ab","method":"POST","path":"/v1/chat/completions","status":200,"latency_ms":2679}
{"time":"2026-10-02T03:12:45.385754368Z","level":"INFO","msg":"request completed","request_id":"75e371dc94f64a4067958dd636b83427","method":"POST","path":"/v1/chat/completions","status":200,"latency_ms":2040}
{"time":"2026-10-02T03:12:47.38913962Z","level":"INFO","msg":"request completed","request_id":"0259e9f661af18c6e6236566bc8d1089","method":"POST","path":"/v1/chat/completions","status":200,"latency_ms":2003}
{"time":"2026-10-02T03:12:47.604673995Z","level":"INFO","msg":"request completed","request_id":"b6e395ed3b004b70ad7fefe90dac67d6","method":"POST","path":"/v1/chat/completions","status":200,"latency_ms":2229}
{"time":"2026-10-02T03:12:49.005393829Z","level":"INFO","msg":"request completed","request_id":"a29f5b5e78df72f4605fdd973c8cbf7c","method":"POST","path":"/v1/chat/completions","status":200,"latency_ms":1615}
{"time":"2026-10-02T03:12:50.192497256Z","level":"INFO","msg":"request completed","request_id":"352cd23bc5282ca7e1351289e0c019f1","method":"POST","path":"/v1/chat/completions","status":200,"latency_ms":6122}
{"time":"2026-10-02T03:12:50.6105745Z","level":"INFO","msg":"request completed","request_id":"59da805b349eafdf8c1a9742a1e78715","method":"POST","path":"/v1/chat/completions","status":200,"latency_ms":3005}
{"time":"2026-10-02T03:12:50.789518151Z","level":"INFO","msg":"request completed","request_id":"b9ee0fcfb3e175917fffe3280aef4f58","method":"POST","path":"/v1/chat/completions","status":200,"latency_ms":9813}
{"time":"2026-10-02T03:12:51.148367242Z","level":"INFO","msg":"request completed","request_id":"57799fec20f88f45d43482e06aaf6b32","method":"POST","path":"/v1/chat/completions","status":200,"latency_ms":2142}
{"time":"2026-10-02T03:12:51.641938157Z","level":"INFO","msg":"request completed","request_id":"68c41986992ffb8241b72020291880a4","method":"POST","path":"/v1/chat/completions","status":200,"latency_ms":1030}
{"time":"2026-10-02T03:12:52.926007473Z","level":"INFO","msg":"request completed","request_id":"ae661e3435b011bd5c80fafa266f6ea2","method":"POST","path":"/v1/chat/completions","status":200,"latency_ms":2135}
{"time":"2026-10-02T03:12:52.949409038Z","level":"INFO","msg":"request completed","request_id":"13ff318621f6994f8636237767c36f47","method":"POST","path":"/v1/chat/completions","status":200,"latency_ms":1306}
{"time":"2026-10-02T03:12:53.935411817Z","level":"INFO","msg":"request completed","request_id":"493e52c494a94f4eb0321c1b1b3dc6bd","method":"POST","path":"/v1/chat/completions","status":200,"latency_ms":985}
{"time":"2026-10-02T03:12:54.907318167Z","level":"INFO","msg":"request completed","request_id":"48b5b6639e7f7b08f4f9aa1e649bb9a3","method":"POST","path":"/v1/chat/completions","status":200,"latency_ms":4714}
{"time":"2026-10-02T03:12:56.128463665Z","level":"INFO","msg":"request completed","request_id":"565750a649329c43a932924e32b7b816","method":"POST","path":"/v1/chat/completions","status":200,"latency_ms":3202}
{"time":"2026-10-02T03:12:57.043264177Z","level":"INFO","msg":"request completed","request_id":"fa952e97f20dca48a5126efc6617b95a","method":"POST","path":"/v1/chat/completions","status":200,"latency_ms":2135}
{"time":"2026-10-02T03:12:58.052811298Z","level":"INFO","msg":"request completed","request_id":"9cc23371f8960c9ddcc25655c6a2831e","method":"POST","path":"/v1/chat/completions","status":200,"latency_ms":1924}
{"time":"2026-10-02T03:13:00.498228459Z","level":"INFO","msg":"request completed","request_id":"582915f63739283c306d13cead8d2f9f","method":"POST","path":"/v1/chat/completions","status":200,"latency_ms":9349}
{"time":"2026-10-02T03:13:03.938452701Z","level":"INFO","msg":"request completed","request_id":"6991a0dd4bc12a7a8509b7267700932d","method":"POST","path":"/v1/chat/completions","status":499,"latency_ms":10002}
--- PASS: TestPhase29LiveMeasure (53.70s)
PASS
