=== RUN   TestPhase29LiveMeasure
{"time":"2026-10-02T03:14:58.972405127Z","level":"INFO","msg":"starting config change subscriber"}
    phase29_live_test.go:263: model=text-embedding-embedder_collection dimension=768 primary=oc/big-pickle
{"time":"2026-10-02T03:15:01.212835704Z","level":"INFO","msg":"request completed","request_id":"e2b766bf530c60bc4dd4aeb3619672f8","method":"POST","path":"/v1/chat/completions","status":200,"latency_ms":2239}
{"time":"2026-10-02T03:15:02.4881679Z","level":"INFO","msg":"request completed","request_id":"cc732043fbac41d7790b8fce59d340fa","method":"POST","path":"/v1/chat/completions","status":200,"latency_ms":1275}
{"time":"2026-10-02T03:15:03.860002988Z","level":"INFO","msg":"request completed","request_id":"605c7d4c6ffefb7da3ab847d4baf6c57","method":"POST","path":"/v1/chat/completions","status":200,"latency_ms":1345}
{"time":"2026-10-02T03:15:04.214633258Z","level":"INFO","msg":"request completed","request_id":"97f70b8bd97ffad470b9182b73d5705c","method":"POST","path":"/v1/chat/completions","status":200,"latency_ms":2350}
{"time":"2026-10-02T03:15:04.879969446Z","level":"INFO","msg":"request completed","request_id":"dbb64c9b8da5df2d6e153c84c2bb490c","method":"POST","path":"/v1/chat/completions","status":200,"latency_ms":1715}
{"time":"2026-10-02T03:15:05.112508025Z","level":"INFO","msg":"request completed","request_id":"d4d070766563000c2f83c5791e542439","method":"POST","path":"/v1/chat/completions","status":200,"latency_ms":1298}
{"time":"2026-10-02T03:15:05.489525225Z","level":"INFO","msg":"request completed","request_id":"deb29210da24295c3450144d0a1ae061","method":"POST","path":"/v1/chat/completions","status":200,"latency_ms":1025}
{"time":"2026-10-02T03:15:05.953491098Z","level":"INFO","msg":"request completed","request_id":"12e0af4b577a504e2913b123574c6df1","method":"POST","path":"/v1/chat/completions","status":200,"latency_ms":839}
{"time":"2026-10-02T03:15:06.877031601Z","level":"INFO","msg":"request completed","request_id":"bae1f8927815cfc713392e4dc9237412","method":"POST","path":"/v1/chat/completions","status":200,"latency_ms":1112}
{"time":"2026-10-02T03:15:07.660511493Z","level":"INFO","msg":"request completed","request_id":"45368ed0531db3d165a2d6debf4052d7","method":"POST","path":"/v1/chat/completions","status":200,"latency_ms":1246}
{"time":"2026-10-02T03:15:08.268426606Z","level":"INFO","msg":"request completed","request_id":"e7f4fb6bc741fa15a0264c2a70d229a0","method":"POST","path":"/v1/chat/completions","status":200,"latency_ms":1203}
{"time":"2026-10-02T03:15:08.992730778Z","level":"INFO","msg":"request completed","request_id":"3e50e5bb87667b5babf7abd50451566e","method":"POST","path":"/v1/chat/completions","status":200,"latency_ms":1279}
{"time":"2026-10-02T03:15:09.661601369Z","level":"INFO","msg":"request completed","request_id":"edb2b83dd49bcb1016b485758a2e140b","method":"POST","path":"/v1/chat/completions","status":200,"latency_ms":647}
{"time":"2026-10-02T03:15:09.738327028Z","level":"INFO","msg":"request completed","request_id":"c1431b84bc112aecc532a36e790cac0b","method":"POST","path":"/v1/chat/completions","status":200,"latency_ms":1373}
{"time":"2026-10-02T03:15:11.545546995Z","level":"INFO","msg":"request completed","request_id":"8aa3da8817b52064f75b57eb4f2a340d","method":"POST","path":"/v1/chat/completions","status":200,"latency_ms":1882}
{"time":"2026-10-02T03:15:12.069047511Z","level":"INFO","msg":"request completed","request_id":"fa64ced359127ad673ce0e581e9cfcfc","method":"POST","path":"/v1/chat/completions","status":200,"latency_ms":1104}
{"time":"2026-10-02T03:15:12.297622173Z","level":"INFO","msg":"request completed","request_id":"eb815b76c8163cc665cf50106c37fb94","method":"POST","path":"/v1/chat/completions","status":200,"latency_ms":684}
{"time":"2026-10-02T03:15:13.219763319Z","level":"INFO","msg":"request completed","request_id":"def0d51e20882a5cb2f6dbac121d4476","method":"POST","path":"/v1/chat/completions","status":200,"latency_ms":954}
{"time":"2026-10-02T03:15:13.69775648Z","level":"INFO","msg":"request completed","request_id":"0271c9bdd4d3777bedd26e8d6bfe5597","method":"POST","path":"/v1/chat/completions","status":200,"latency_ms":3384}
{"time":"2026-10-02T03:15:14.622001661Z","level":"INFO","msg":"request completed","request_id":"96b60dd9191734b13f3e724f3125031e","method":"POST","path":"/v1/chat/completions","status":200,"latency_ms":1708}
{"time":"2026-10-02T03:15:15.035623412Z","level":"INFO","msg":"request completed","request_id":"defac4e12479cebc6ba9d026b0afe29c","method":"POST","path":"/v1/chat/completions","status":200,"latency_ms":821}
{"time":"2026-10-02T03:15:15.453933686Z","level":"INFO","msg":"request completed","request_id":"7f95628ff5b1f241ff01c417f343981a","method":"POST","path":"/v1/chat/completions","status":200,"latency_ms":1889}
{"time":"2026-10-02T03:15:16.884099993Z","level":"INFO","msg":"request completed","request_id":"0f590a5d54e34d05d6db0b91497e0a25","method":"POST","path":"/v1/chat/completions","status":200,"latency_ms":720}
{"time":"2026-10-02T03:15:17.379348014Z","level":"INFO","msg":"request completed","request_id":"dbce1279ace1d5b63f82d3e2bbd83bb5","method":"POST","path":"/v1/chat/completions","status":200,"latency_ms":1865}
{"time":"2026-10-02T03:15:18.492067085Z","level":"INFO","msg":"request completed","request_id":"96e2f006be1bfdbb7c6b1246e9632e02","method":"POST","path":"/v1/chat/completions","status":200,"latency_ms":1678}
{"time":"2026-10-02T03:15:19.439187227Z","level":"INFO","msg":"request completed","request_id":"dcb266b01b2dbb6874f0dba76390137e","method":"POST","path":"/v1/chat/completions","status":200,"latency_ms":4574}
{"time":"2026-10-02T03:15:20.073918802Z","level":"INFO","msg":"request completed","request_id":"eff36174a48109313225d4e54dc65ce3","method":"POST","path":"/v1/chat/completions","status":200,"latency_ms":1959}
{"time":"2026-10-02T03:15:20.511035826Z","level":"INFO","msg":"request completed","request_id":"66b008cde0abdb5f553ca77f328bcd6d","method":"POST","path":"/v1/chat/completions","status":200,"latency_ms":1071}
{"time":"2026-10-02T03:15:20.679268902Z","level":"INFO","msg":"request completed","request_id":"0c3811aed0c93a6f10c7a3bd4eb4421c","method":"POST","path":"/v1/chat/completions","status":200,"latency_ms":1915}
{"time":"2026-10-02T03:15:21.849719718Z","level":"INFO","msg":"request completed","request_id":"b40222b1ec98ffdeb080becb00be7067","method":"POST","path":"/v1/chat/completions","status":200,"latency_ms":4385}
{"time":"2026-10-02T03:15:22.452892869Z","level":"INFO","msg":"request completed","request_id":"2c49c54acf813c93f921707af0551cc8","method":"POST","path":"/v1/chat/completions","status":200,"latency_ms":1089}
{"time":"2026-10-02T03:15:23.022874259Z","level":"INFO","msg":"request completed","request_id":"79a545a95c436cff0db2d08b996c85a6","method":"POST","path":"/v1/chat/completions","status":200,"latency_ms":2948}
{"time":"2026-10-02T03:15:23.103449153Z","level":"INFO","msg":"request completed","request_id":"fac5f4782ae787b802e7b33823ebe123","method":"POST","path":"/v1/chat/completions","status":200,"latency_ms":2389}
{"time":"2026-10-02T03:15:23.181507835Z","level":"INFO","msg":"request completed","request_id":"62addda230151c016ad0cc0939faaa8b","method":"POST","path":"/v1/chat/completions","status":200,"latency_ms":1167}
{"time":"2026-10-02T03:15:24.292362763Z","level":"INFO","msg":"request completed","request_id":"946f3f0327473320b246d9596994c4f9","method":"POST","path":"/v1/chat/completions","status":200,"latency_ms":978}
{"time":"2026-10-02T03:15:25.20629322Z","level":"INFO","msg":"request completed","request_id":"cb40674e39ccdd5ecf64d607d7ab1859","method":"POST","path":"/v1/chat/completions","status":200,"latency_ms":1242}
{"time":"2026-10-02T03:15:25.614845248Z","level":"INFO","msg":"request completed","request_id":"9a65c706308b3588a6b937ff38fbf0d6","method":"POST","path":"/v1/chat/completions","status":200,"latency_ms":1001}
{"time":"2026-10-02T03:15:26.471016949Z","level":"INFO","msg":"request completed","request_id":"4cf2ae27633efe116009430ed63a1ff3","method":"POST","path":"/v1/chat/completions","status":200,"latency_ms":3806}
{"time":"2026-10-02T03:15:27.577344925Z","level":"INFO","msg":"request completed","request_id":"d92f40d540a4b66d3548bc744fe8567b","method":"POST","path":"/v1/chat/completions","status":200,"latency_ms":2313}
{"time":"2026-10-02T03:15:27.863552174Z","level":"INFO","msg":"request completed","request_id":"e4aa00584394c5f6b66ba0e4e5f2f417","method":"POST","path":"/v1/chat/completions","status":200,"latency_ms":1299}
{"time":"2026-10-02T03:15:27.968356777Z","level":"INFO","msg":"request completed","request_id":"66cb98103953588382e85420358abeed","method":"POST","path":"/v1/chat/completions","status":200,"latency_ms":2053}
{"time":"2026-10-02T03:15:28.622000429Z","level":"INFO","msg":"request completed","request_id":"15b57425b5606f19e3b8027e4d78b10c","method":"POST","path":"/v1/chat/completions","status":200,"latency_ms":1407}
{"time":"2026-10-02T03:15:28.886532765Z","level":"INFO","msg":"request completed","request_id":"639b5e9520650bbebff81bca5bb1abca","method":"POST","path":"/v1/chat/completions","status":200,"latency_ms":1023}
{"time":"2026-10-02T03:15:30.607818597Z","level":"INFO","msg":"request completed","request_id":"a0005fb4fcbdefba3bc12e78be05ab55","method":"POST","path":"/v1/chat/completions","status":200,"latency_ms":2093}
{"time":"2026-10-02T03:15:31.795316238Z","level":"INFO","msg":"request completed","request_id":"d2cdf785d43162c504c75b0da8c3c959","method":"POST","path":"/v1/chat/completions","status":200,"latency_ms":2630}
{"time":"2026-10-02T03:15:31.880290273Z","level":"INFO","msg":"request completed","request_id":"c652b3ede0335c3c68d079acf3dd09e2","method":"POST","path":"/v1/chat/completions","status":200,"latency_ms":2066}
{"time":"2026-10-02T03:15:32.648004499Z","level":"INFO","msg":"request completed","request_id":"33f03d752aea91d2223c2162016e7029","method":"POST","path":"/v1/chat/completions","status":200,"latency_ms":1534}
{"time":"2026-10-02T03:15:32.701221996Z","level":"INFO","msg":"request completed","request_id":"9902521fd10e83645d140d87cf80c331","method":"POST","path":"/v1/chat/completions","status":200,"latency_ms":905}
{"time":"2026-10-02T03:15:33.116926012Z","level":"INFO","msg":"request completed","request_id":"a0b38dfba257160efd53807ff472ec04","method":"POST","path":"/v1/chat/completions","status":200,"latency_ms":2652}
{"time":"2026-10-02T03:15:34.003132291Z","level":"INFO","msg":"request completed","request_id":"d7a714d4f523358a416b4871504c5191","method":"POST","path":"/v1/chat/completions","status":200,"latency_ms":1588}
{"time":"2026-10-02T03:15:34.546385645Z","level":"INFO","msg":"request completed","request_id":"2577cb27aa07d8fd857fcd41e801f682","method":"POST","path":"/v1/chat/completions","status":200,"latency_ms":831}
{"time":"2026-10-02T03:15:34.729988203Z","level":"INFO","msg":"request completed","request_id":"c4b3b974bb54c0f404b543f056a27b60","method":"POST","path":"/v1/chat/completions","status":200,"latency_ms":1666}
{"time":"2026-10-02T03:15:35.676502285Z","level":"INFO","msg":"request completed","request_id":"4847113ba33fdf59dfe1e3faaf867693","method":"POST","path":"/v1/chat/completions","status":200,"latency_ms":661}
{"time":"2026-10-02T03:15:36.013885409Z","level":"INFO","msg":"request completed","request_id":"0976c55db3ace9620375889a03643044","method":"POST","path":"/v1/chat/completions","status":200,"latency_ms":1650}
{"time":"2026-10-02T03:15:36.784695918Z","level":"INFO","msg":"request completed","request_id":"3ca5d866f4629c6c45ba359836a133d4","method":"POST","path":"/v1/chat/completions","status":200,"latency_ms":1121}
{"time":"2026-10-02T03:15:39.144114166Z","level":"INFO","msg":"request completed","request_id":"7101d2aaf7febc920810288da16e8d26","method":"POST","path":"/v1/chat/completions","status":200,"latency_ms":879}
{"time":"2026-10-02T03:15:39.243162921Z","level":"INFO","msg":"request completed","request_id":"6acc7495de5493949d75bd87b1034ff6","method":"POST","path":"/v1/chat/completions","status":200,"latency_ms":2278}
{"time":"2026-10-02T03:15:40.626298099Z","level":"INFO","msg":"request completed","request_id":"8b0e861e09efad42ed61566788bb96a3","method":"POST","path":"/v1/chat/completions","status":200,"latency_ms":3012}
{"time":"2026-10-02T03:15:40.906026214Z","level":"INFO","msg":"request completed","request_id":"23c3a65f67723d5608bb6b093ac15d5b","method":"POST","path":"/v1/chat/completions","status":200,"latency_ms":4591}
{"time":"2026-10-02T03:15:41.201165496Z","level":"INFO","msg":"request completed","request_id":"bc3b3f3abb13d98eb99f5f14ae09eb3b","method":"POST","path":"/v1/chat/completions","status":200,"latency_ms":1637}
{"time":"2026-10-02T03:15:41.466671713Z","level":"INFO","msg":"request completed","request_id":"0dfd22baa31dd7a7aa8f1b537ecc32fa","method":"POST","path":"/v1/chat/completions","status":200,"latency_ms":2322}
{"time":"2026-10-02T03:15:42.289764924Z","level":"INFO","msg":"request completed","request_id":"4c41c2a2237abe641493b0b6b93bb2d9","method":"POST","path":"/v1/chat/completions","status":200,"latency_ms":1383}
{"time":"2026-10-02T03:15:43.139189555Z","level":"INFO","msg":"request completed","request_id":"a7e591931652ba719f4f4e165acc3053","method":"POST","path":"/v1/chat/completions","status":200,"latency_ms":975}
{"time":"2026-10-02T03:15:43.600979448Z","level":"INFO","msg":"request completed","request_id":"0576278bf683feea215cc3bd77684a09","method":"POST","path":"/v1/chat/completions","status":200,"latency_ms":2087}
{"time":"2026-10-02T03:15:44.147052085Z","level":"INFO","msg":"request completed","request_id":"2eba71c2d48f14000656c98fb58ead33","method":"POST","path":"/v1/chat/completions","status":200,"latency_ms":3520}
--- PASS: TestPhase29LiveMeasure (45.25s)
PASS
