dependency ready: veloxmesh-test-redis
dependency ready: veloxmesh-test-qdrant
dependency ready: veloxmesh-test-postgres
dependency readiness attempt=1 error=Qdrant readiness: Process exited with status 56 output=PONG
/var/run/postgresql:5432 - accepting connections
dependency readiness attempt=2 error=Qdrant readiness: Process exited with status 56 output=PONG
/var/run/postgresql:5432 - accepting connections
dependency readiness attempt=3 error=Qdrant readiness: Process exited with status 56 output=PONG
/var/run/postgresql:5432 - accepting connections
dependency readiness attempt=4 error=Qdrant readiness: Process exited with status 56 output=PONG
/var/run/postgresql:5432 - accepting connections
dependency readiness attempt=5 error=Qdrant readiness: Process exited with status 56 output=PONG
/var/run/postgresql:5432 - accepting connections
dependency readiness attempt=6 error=Qdrant readiness: Process exited with status 56 output=PONG
/var/run/postgresql:5432 - accepting connections
dependency readiness attempt=7 error=Qdrant readiness: Process exited with status 56 output=PONG
/var/run/postgresql:5432 - accepting connections
dependency readiness attempt=8 error=Qdrant readiness: Process exited with status 56 output=PONG
/var/run/postgresql:5432 - accepting connections
TestLiveStreamSettlement exit: Process exited with status 1
TestLiveFusionStream exit: Process exited with status 1
TestLiveToolAuto exit: <nil>
TestLiveToolStreaming exit: Process exited with status 1
/veloxmesh-test-redis false
/veloxmesh-test-qdrant false
/veloxmesh-test-postgres false
TestLiveStreamSettlement: Process exited with status 1
TestLiveFusionStream: Process exited with status 1
TestLiveToolStreaming: Process exited with status 1
