dependency ready: veloxmesh-test-redis
dependency ready: veloxmesh-test-qdrant
dependency ready: veloxmesh-test-postgres
dependency readiness attempt=1 error=Process exited with status 2 output=PONG
/var/run/postgresql:5432 - no response
dependency readiness attempt=2 error=Qdrant readiness: Process exited with status 56 output=PONG
/var/run/postgresql:5432 - accepting connections
dependency readiness attempt=3 error=Qdrant readiness: Process exited with status 56 output=PONG
/var/run/postgresql:5432 - accepting connections
dependency readiness attempt=4 error=Qdrant readiness: Process exited with status 56 output=PONG
/var/run/postgresql:5432 - accepting connections
dependency readiness attempt=5 error=Qdrant readiness: Process exited with status 56 output=PONG
/var/run/postgresql:5432 - accepting connections
dependency readiness attempt=6 error=Qdrant readiness: Process exited with status 56 output=PONG
/var/run/postgresql:5432 - accepting connections
dependency readiness attempt=7 error=Qdrant readiness: Process exited with status 52 output=PONG
/var/run/postgresql:5432 - accepting connections
dependency readiness attempt=8 error=Qdrant readiness: Process exited with status 56 output=PONG
/var/run/postgresql:5432 - accepting connections
dependency readiness attempt=9 error=Qdrant readiness: Process exited with status 56 output=PONG
/var/run/postgresql:5432 - accepting connections
dependency readiness attempt=10 error=Qdrant readiness: Process exited with status 56 output=PONG
/var/run/postgresql:5432 - accepting connections
dependency readiness attempt=11 error=Qdrant readiness: Process exited with status 56 output=PONG
/var/run/postgresql:5432 - accepting connections
dependency readiness attempt=12 error=Qdrant readiness: Process exited with status 56 output=PONG
/var/run/postgresql:5432 - accepting connections
dependency readiness attempt=13 error=Qdrant readiness: Process exited with status 52 output=PONG
/var/run/postgresql:5432 - accepting connections
dependency readiness attempt=14 error=Qdrant readiness: Process exited with status 56 output=PONG
/var/run/postgresql:5432 - accepting connections
dependency readiness attempt=15 error=Qdrant readiness: Process exited with status 56 output=PONG
/var/run/postgresql:5432 - accepting connections
dependency readiness attempt=16 error=Qdrant readiness: Process exited with status 56 output=PONG
/var/run/postgresql:5432 - accepting connections
dependency readiness attempt=17 error=Qdrant readiness: Process exited with status 56 output=PONG
/var/run/postgresql:5432 - accepting connections
dependency readiness attempt=18 error=Qdrant readiness: Process exited with status 56 output=PONG
/var/run/postgresql:5432 - accepting connections
dependency readiness attempt=19 error=Qdrant readiness: Process exited with status 56 output=PONG
/var/run/postgresql:5432 - accepting connections
dependency readiness attempt=20 error=Qdrant readiness: Process exited with status 56 output=PONG
/var/run/postgresql:5432 - accepting connections
dependency readiness attempt=21 error=Qdrant readiness: Process exited with status 52 output=PONG
/var/run/postgresql:5432 - accepting connections
dependency readiness attempt=22 error=Qdrant readiness: Process exited with status 56 output=PONG
/var/run/postgresql:5432 - accepting connections
dependency readiness attempt=23 error=Qdrant readiness: Process exited with status 56 output=PONG
/var/run/postgresql:5432 - accepting connections
dependency readiness attempt=24 error=Qdrant readiness: Process exited with status 56 output=PONG
/var/run/postgresql:5432 - accepting connections
dependency readiness attempt=25 error=Qdrant readiness: Process exited with status 56 output=PONG
/var/run/postgresql:5432 - accepting connections
dependency readiness attempt=26 error=Qdrant readiness: Process exited with status 56 output=PONG
/var/run/postgresql:5432 - accepting connections
dependency readiness attempt=27 error=Qdrant readiness: Process exited with status 56 output=PONG
/var/run/postgresql:5432 - accepting connections
dependency readiness attempt=28 error=Qdrant readiness: Process exited with status 56 output=PONG
/var/run/postgresql:5432 - accepting connections
dependency readiness attempt=29 error=Qdrant readiness: Process exited with status 52 output=PONG
/var/run/postgresql:5432 - accepting connections
dependency readiness attempt=30 error=Qdrant readiness: Process exited with status 56 output=PONG
/var/run/postgresql:5432 - accepting connections
dependency readiness attempt=31 error=Qdrant readiness: Process exited with status 56 output=PONG
/var/run/postgresql:5432 - accepting connections
dependency readiness attempt=32 error=Qdrant readiness: Process exited with status 56 output=PONG
/var/run/postgresql:5432 - accepting connections
dependency readiness attempt=33 error=Qdrant readiness: Process exited with status 56 output=PONG
/var/run/postgresql:5432 - accepting connections
dependency readiness attempt=34 error=Qdrant readiness: Process exited with status 56 output=PONG
/var/run/postgresql:5432 - accepting connections
dependency readiness attempt=35 error=Qdrant readiness: Process exited with status 56 output=PONG
/var/run/postgresql:5432 - accepting connections
dependency readiness attempt=36 error=Qdrant readiness: Process exited with status 52 output=PONG
/var/run/postgresql:5432 - accepting connections
dependency readiness attempt=37 error=Qdrant readiness: Process exited with status 56 output=PONG
/var/run/postgresql:5432 - accepting connections
dependency readiness attempt=38 error=Qdrant readiness: Process exited with status 56 output=PONG
/var/run/postgresql:5432 - accepting connections
dependency readiness attempt=39 error=Qdrant readiness: Process exited with status 56 output=PONG
/var/run/postgresql:5432 - accepting connections
dependency readiness attempt=40 error=Qdrant readiness: Process exited with status 56 output=PONG
/var/run/postgresql:5432 - accepting connections
dependency readiness attempt=41 error=Qdrant readiness: Process exited with status 56 output=PONG
/var/run/postgresql:5432 - accepting connections
dependency readiness attempt=42 error=Qdrant readiness: Process exited with status 56 output=PONG
/var/run/postgresql:5432 - accepting connections
dependency readiness attempt=43 error=Qdrant readiness: Process exited with status 56 output=PONG
/var/run/postgresql:5432 - accepting connections
dependency readiness attempt=44 error=Qdrant readiness: Process exited with status 56 output=PONG
/var/run/postgresql:5432 - accepting connections
dependency readiness attempt=45 error=Qdrant readiness: Process exited with status 56 output=PONG
/var/run/postgresql:5432 - accepting connections
Dependencies ready; 15-second recovery period outside formal test windows
{"label":"availability","status":0}
{"label":"low-hit-1","status":1}
{"label":"low-hit-2","status":1}
{"label":"low-hit-3","status":1}
{"label":"low-hit-4","status":1}
{"label":"low-hit-5","status":1}
{"label":"low-hit-6","status":1}
file:///C:/Users/inthe/IdeaProjects/VeloxMesh/.planning/phases/29-semantic-cache-latency-hardening/measurements/memory-upgrade-controlled-20261004/suite.mjs:24
  if (existsSync(`${root}/PAUSE`)) throw Error('Pause requested; active runner already cleaned up');
                                         ^

Error: Pause requested; active runner already cleaned up
    at run (file:///C:/Users/inthe/IdeaProjects/VeloxMesh/.planning/phases/29-semantic-cache-latency-hardening/measurements/memory-upgrade-controlled-20261004/suite.mjs:24:42)
    at file:///C:/Users/inthe/IdeaProjects/VeloxMesh/.planning/phases/29-semantic-cache-latency-hardening/measurements/memory-upgrade-controlled-20261004/suite.mjs:35:36
    at ModuleJob.run (node:internal/modules/esm/module_job:437:25)
    at async node:internal/modules/esm/loader:639:26
    at async asyncRunEntryPointWithESMLoader (node:internal/modules/run_main:101:5)

Node.js v24.15.0
/veloxmesh-test-redis false
/veloxmesh-test-qdrant false
/veloxmesh-test-postgres false
exit status 1
