8	/data/aliases
4	/data/.deleted
232	/data/collections/semantic_cache_4f0d22ed34cd7983b1189224cfd5e197d7d75fe526c6f4813cb3ace31a4e69c9
452	/data/collections/semantic_cache_226f16442ff2acd75e3f973a3400b9b48ae6d11b80f942f7f494d36ac13d1920
472	/data/collections/semantic_cache_34f709f7899d46401862f171f1f333f830fc5fb6fbcfc8d2d9b8a1c55f741427
204	/data/collections/semantic_cache_17cf2c3fbbe2439fcf4153f58c8203d93da8de340f3cf7a79cee324bef9d7efd
224	/data/collections/semantic_cache_49d0ceb45bb81cf0f6b6e99b1db086f5acb37e63e80fb187322598275ba2c530
896	/data/collections/semantic_cache_3d82ea603e244d52822a0f0b694da34c6103e60efa8e893b9925a7342b53ad94
896	/data/collections/semantic_cache_be33525b0bf85a0031672950a2c2383797256e0eb66962b3703346c4d64f3f6b
896	/data/collections/semantic_cache_050ea9ce69e23c4c897e87e2c66e5afe7a0786241c347df97077395e5bc21e4a
928	/data/collections/semantic_cache_3025d321d4578fb0562823f1078ace0d9cdaa64fff9d78ef16bc8add88066ee0
204	/data/collections/semantic_cache_45662cd1d5ec1377f6416dec191c537cbcb7f83f830fabd8d5beebfd9b287e71
152	/data/collections/cross_process_1791069923296520074
272	/data/collections/semantic_cache_4a357fd7538b6402a5165a8acc4d60dcbb219e1f3324bb615ca2afcc0228cb64
904	/data/collections/semantic_cache_d04439eca60fa08aba71cb6b2d24429b39b521a9265bb2921a95279193bbb120
896	/data/collections/semantic_cache_59f9503b7be5f2e51ab0bd75589a0b3ef45a794e69ddba28c72e6db4d67f8b3c
204	/data/collections/semantic_cache_7ff0f33246801455f18fa1c1353f720b5d9db3d87d7e721cc0480001fa411904
896	/data/collections/semantic_cache_6a562d7c1777bdd902c5b4dc7667a5810b793ec13978a6cc95671318a6b6ee7e
152	/data/collections/wrong_distance_1791069923408301850
232	/data/collections/semantic_cache_5ec0b8d479b6666890e1a7b35c23faed80da67e455279e41ef15fa0367d0c0cc
456	/data/collections/semantic_cache_ac592f478c9622b06297b16fea6da95c35fb9c0094ec412c58a9db23740be41c
204	/data/collections/semantic_cache_429101cfefac8644cfbafa61eea03fb24cbd251e021f1981d0a5e104a91d15dd
192	/data/collections/semantic_cache_eb5a2b5289e7b92a8ab21aab96a166ca17e7e07f801c81414088325116e9a054
204	/data/collections/semantic_cache_d8fa19e1830285e476de8cbbe56bbaddf1ff92f859fb979fba46413738afe5ad
204	/data/collections/semantic_cache_d5fd11ee13abfd55449f11090b0eb0d114a9b2fecf610b8050c47aa22ddeeb2b
232	/data/collections/semantic_cache_138be8050f6e708001691e865a90136dbc3e2028bc99df35c00055d615c84afe
204	/data/collections/semantic_cache_41d12b150276ba797117d8ecf1bd9074eea6153fc4c200cc395195ee16d7987e
152	/data/collections/reuse_race_1791061678402576817_3
932	/data/collections/semantic_cache_06f488a19036b659df888296b6f22976831c170b14ea51cac008c3b39793582b
14368	/data/collections/component_capacity_1791072390817877761
272	/data/collections/semantic_cache_cdcf13ebbc1fb25af78dc5b2e07ca11c4a457324573a95aeca6c60c5ff82a44a
188	/data/collections/semantic_cache_09bc3bd2514e856aa6dbd2df7c88b2044b5828c3017d72fc2f2f2ca98bd2a710
896	/data/collections/semantic_cache_087374c920351475707498371f41764c551584b63f214787295129bd58426e23
1560	/data/collections/semantic_cache_20cff7ffab7feb8899c0c0159e4628eee4612167ee1dae29862a0e6e86b1661e
896	/data/collections/semantic_cache_393e3f3d91ae77e0cfc6b6d8e1c2b4d773f10b98d3a8bee0b7a8a5f4aa1adaea
192	/data/collections/semantic_cache_a075212e542d1eb60fef25645b2ec984eb71cc0d4820ff9915ee65f92f58425e
900	/data/collections/semantic_cache_a8e6e56ba96a8bd9fb7dadd1e1c4cb77c16f1f21fe2f681a408ba06abd1d190f
232	/data/collections/semantic_cache_0b71be9b110a75f895eaf938a6d7ecfa4de7634ebbe01868bb5c7f9da9d8f5b2
236	/data/collections/semantic_cache_23a734b23d3ec20dd6ab1ee3eb64a801a36b25eda225e0ad004bd7d613aeddca
896	/data/collections/semantic_cache_ba6b8b6fed69f6922f64cf5fa5539e13836c235c9802e5af8577882133e1c8d6
236	/data/collections/semantic_cache_421a5a91ab440c0c0370d7d854ff853c46e83461e6387dc0e18d579c4ded373f
928	/data/collections/semantic_cache_b1d2d22f3d8bfb0132c1e029bb666cf282cc5ecbc34c090e134425da6cf25073
928	/data/collections/semantic_cache_be2abc1788a3d8988bcd83ff5b380d91ae45b7ea310211156b245a1842e929fb
900	/data/collections/semantic_cache_9a77ae0c8c2777faf23f8f913eb4c03b4d415c6063e22d7615cf65028b44c5f7
896	/data/collections/semantic_cache_badac868b2e19dfa8c6662b625c75b3bbbab696dc57a364d7f4bdfcae7861edc
152	/data/collections/reuse_race_1791062965266544850_0
192	/data/collections/semantic_cache_b92b64f58844ec575f6bf2398a216899ee05ccaac16583376c33cedc1c11ff9b
448	/data/collections/semantic_cache_dd45bdfb2fe658314fb3f365daabc19b68222e9a88f5795c9913ffebb60ba4ff
900	/data/collections/semantic_cache_eb43259583aaeb008d169c5e5e9917bc9938564098ca28319d24075daa2cd318
928	/data/collections/semantic_cache_4814b056d9b971ec021d5b15416bd63cd6b10014b831998d3c5e8b39c77a50cb
648	/data/collections/semantic_cache_736f8ca7156fb3c00f5560ade515aacfba88205456879cc1d70fa2744bc1d4c9
272	/data/collections/semantic_cache_0d7be88d224d246b374ad2432b2c2e272fd68fe72ced996765799e2056e26275
204	/data/collections/semantic_cache_842ea31a84871b4cf6551d0ddbb7f1f6f21d41adcd2019a91f13e13df920bb48
188	/data/collections/semantic_cache_e89a29e555c8a231fdcc727074c3110c1796c3e97643092b036bbb792e4bebb6
896	/data/collections/semantic_cache_d210fb5ac8c1e2f340c61d8baa1f6f1c30f101a49e4574efb91d00dcfc539e83
192	/data/collections/semantic_cache_65829b559d8da5796730e979c9b303336ae126cf5c8e922543c212ce8ce1f74b
928	/data/collections/semantic_cache_71996ea89e426d1cee9abc73c83cfb2105f424ac7c275cd4819ab6d5f7ad4b46
196	/data/collections/semantic_cache_903511d45eeb3a6f602b2cba28041d50cbe1026acc8faa19955aee2b706d3564
188	/data/collections/semantic_cache_66304e765fb716668089d40f8ff1461602cd89f096273ecb8b8339df946b1f1a
204	/data/collections/semantic_cache_962b5a2fcf770142cd31ac728bcadd239ed954f4933c9b65f7367ca0da37db30
772	/data/collections/semantic_cache_0183007f099f0c752192ae25aa13ac88c9a9944e1a18a5305602447d8d70f5e1
204	/data/collections/semantic_cache_7e6dcfb8ebe703c037a0e4457ff789cfbbc5bffe341123baea5e253af546234c
192	/data/collections/semantic_cache_3f710eb3c6e631e1412e5d352c6598811300c3e63e344cb902eeac4482b2796f
152	/data/collections/reuse_race_1791062435010487587_3
484	/data/collections/semantic_cache_f55a3e3dabc8eec6c0f0529e15d68b6eda4a6e03a01822134663447a9081a9ba
432	/data/collections/semantic_cache_e33eb668c250020071d142f89d0978f192f346d29fce36c3a5f9df725570a323
928	/data/collections/semantic_cache_5a39051f1b4c8758745e50efc9525d4f04405550c9d294a4c859342bf47f6227
896	/data/collections/semantic_cache_cab2772dc11678e2993feb7b3187af4f692f51609fbc91156ee898d14b27246a
932	/data/collections/semantic_cache_65adbae66be73619cafa78533a2ff0727e14288daa2008235957a1499edd8e57
896	/data/collections/semantic_cache_45d12a062fdbbd6ce82bf269437b0c3465c6543b12eb1005ec72e8a735860001
896	/data/collections/semantic_cache_6f38bc621d8ef718cc6ba3245bf9a84c22c815503b92995b6edd825f5091712c
656	/data/collections/semantic_cache_f8fc53c5c53bfdce188dd32a312844e16600cb42028b336be938c3a1cc2bbc82
192	/data/collections/semantic_cache_8a156d8bff9e9010393635386a0357a6ade14da49ac883ec71b38b2858640192
188	/data/collections/semantic_cache_1e1b0972fb093dc0137299310c7a489b8408634e93552ae0dbc98bb83a0a14d0
188	/data/collections/semantic_cache_842b01815a5cc8ad02537c0f8d1fa48caf36f7b7fd4c532363e0752e18fd2102
900	/data/collections/semantic_cache_8eee6f209f938c50e2309da68ddb0e2b3ef0d2ce86ca98e849c4b4fb1b15cd77
152	/data/collections/reuse_race_1791061522667642435_0
780	/data/collections/semantic_cache_a32a0cde1c68b62cf441c5b1ddb4c61abcee9159a1dd629c2b9b21dd00507e75
204	/data/collections/semantic_cache_69014fb08e466d20439b64c0518db0f07df49667692b9121dade68b985d14a9b
896	/data/collections/semantic_cache_0ccf7d4d9f5c7e2f9bd411fdd6aadaf230735f32ca13a6a78dd76cb891a1f950
896	/data/collections/semantic_cache_b28f310b67d00cfc606b0616b27dae207a5b706a91a18b91f895d4241008d45f
896	/data/collections/semantic_cache_49724aeb883f6d8a12c9283b97cc8edb20165f8b3c50ad37528b04522d16a57b
232	/data/collections/semantic_cache_a21af62aeccae51fbcac2899c123f032f069f1e15e8180d00bac745dfcdb1b16
204	/data/collections/semantic_cache_fdb0f926600516f9279865c4790580408e8d4d03103b5df4f860c29a06772531
928	/data/collections/semantic_cache_8f8e33ef692ca43dcb0238852de577a3d8847452ea23d36cf8f88bd5c4cdaa20
204	/data/collections/semantic_cache_490478d4188bdef2f9b2e59fdf0afcfa93a06a782f8269781d0b65681e99854a
896	/data/collections/semantic_cache_3ef5a01343b04eca6260fddbd81c7824569ec3769c7bd3f34c567e214b127e0b
152	/data/collections/reuse_race_1791062434841062661_0
204	/data/collections/semantic_cache_e92317f3b9d47ae3057496ac496b17920d289ce008107dcef4cd4795ea8c2f25
920	/data/collections/semantic_cache_caf3efbf807f14e6c9fb1d6573ff2ba75d9a3a013996d689d9e4ec15da92c630
204	/data/collections/semantic_cache_90e0f3314c1197aba8b2806c103ec91b8d27976b932029acaf100b19a3c30fea
368	/data/collections/semantic_cache_bd9a3e0aecbc4704d76b5d818bbaa481865bb1796779b7a9bdd50188b681eb7c
640	/data/collections/semantic_cache_1443793f45cd991c82fc08dbc0035106d0efa80a32a8203869266f65395c933a
928	/data/collections/semantic_cache_9a9ebd677677a7d5bc32c9bde5b3eaf804e14567384ac1b2ca971cc352efde86
896	/data/collections/semantic_cache_09aef3ecf3c61a93839209cf7979ff431ad3ecefbb246cef7a13775ed76009f5
896	/data/collections/semantic_cache_0a89026fd7e08408c9129595a5c569e73c487e0668f472e92612985cf5f2b3ca
896	/data/collections/semantic_cache_874da0a9ed4e381e2ccdce8007d022a4fac11b0e2efcf8f1386af738465ef224
152	/data/collections/reuse_race_1791062434957484368_2
456	/data/collections/semantic_cache_9bb4111c37053de516cc1a6130dab4ccef7e0243a1a30ea1950c61c7b4ab1431
192	/data/collections/semantic_cache_e56527f48373d9671068f8d65cac22f0fdcefc51d2e4085831ec21ceb0fd80fd
772	/data/collections/semantic_cache_ac7262e8986104212e8e3c47724c1a09ab718cbc003398c761392a786aead584
204	/data/collections/semantic_cache_5ba04c86cc452f4340c31d8a4322f738aa903b154a846ea79f51c2894b3d2e51
896	/data/collections/semantic_cache_cbfd3cb3807666fccfe2bbad88cb93925b00714c2a1ec21e1433491ffe3d749c
896	/data/collections/semantic_cache_40f186e9ecea8f105cb82e559e82d132a39698f79d59763aaf37342a296c4f9c
204	/data/collections/semantic_cache_2a417417a7a17b9d01e4390187120e1f4f9b018192ee8414f08a305cc8ffea2f
204	/data/collections/semantic_cache_58098bf791f9b9f772d20eed579add5e4b4f4222aa8d15aa70bdaef5977a8fa8
780	/data/collections/semantic_cache_f7905e1e9de92b1e6cae57b098eaa879bf0ee7ae1d6e37eddacd034053dd9b98
432	/data/collections/semantic_cache_6f03b930a8c5d1e714049ccc4f58640f4d48f9f852d2e9de83bcba89727cbcac
192	/data/collections/semantic_cache_88172e1d3b34f05ea4fc4002a445d9502ef9f5b8c129e7e854ac9fbf3581b3b5
896	/data/collections/semantic_cache_b497f063ccd529721e8ae63099bc858c01568c4a34c34751ff6196378f38c596
432	/data/collections/semantic_cache_04b9ed974c33ff92e610d6b25142fa6d5294c764584fd820f549833a0f3ae59f
904	/data/collections/semantic_cache_01e8ad86d1801d375462f24293bf132dcede440cdd005a4bc71dbbc855483f93
224	/data/collections/semantic_cache_6d4170a7db637edac4e5289f0a9c434133b79353d2848579673861b0f515e720
896	/data/collections/semantic_cache_9d4e3d29067ff8c1a667aca6adb3e767ee71a10349873fe43bce64043c6efb43
896	/data/collections/semantic_cache_f29b53b0d92e4b7f783ecf6d81b91cb1bcd009b4de6a9f98d640bbc53368e3af
928	/data/collections/semantic_cache_dab4d83ae49aef7becce8f2ca8b1ddcdbfcedd26bb80172acec1ec8ab24f4c13
888	/data/collections/semantic_cache_8253b6271eaab74c2cc7b48fc1c20cbf48a6e83b7ec147633744019e1f8f9c42
896	/data/collections/semantic_cache_6ae2356623a2e1dce23114efd3cbd04d287f4c7addc00457d420d28be5b90c78
232	/data/collections/semantic_cache_b1b169a8f21099d41689053e06243cf5549a18f815d28d15b17a30c76596135a
896	/data/collections/semantic_cache_655fbf615491059c4ce1927ba0a51cf4b6cb387e91cc4697d81397e6ede4d227
896	/data/collections/semantic_cache_7afa92fa388257f77463ab31b5331bc496942c58e8b869f59b401f5cba4e3fa3
440	/data/collections/semantic_cache_785d700d9ae757a8df10b9a8ef7b2f913af2992c38335c25b118602acceeb1c3
384	/data/collections/semantic_cache_b1a64e3348d23234eaddcd11fde0865f03ff276171f40e3f4102d58282126ed1
640	/data/collections/semantic_cache_d93c3a17f29fcf9eb91a294a5b6e0f9f6ca8cdcc9ea10a073db4c3d249eb4e1d
896	/data/collections/semantic_cache_590e5f4abd7338d3d0794795eeb4c233c491c96780b1115c4fd3ca7e073f15e9
900	/data/collections/semantic_cache_f90a0affb3d9879e25c2d963cfcc265506f4d32c42081bf08054aad42dafa400
896	/data/collections/semantic_cache_b2f42ce08a3c81e54eb416518d296c9a678f3e8306c1504aa29241f57fb4b61f
900	/data/collections/semantic_cache_22adb0b2da2c8468ac95df5061397295fb45ce312b7fd8e5233f58bfde36412c
932	/data/collections/semantic_cache_737a3fe12b0fa4e662ecf56494178c6d6f5c1b84067f6412c30c24e0b107c7d2
432	/data/collections/semantic_cache_f3fbef09f962912b78cf7f07b7bcd159c357037145582c89ace77c5aeb3d2c48
772	/data/collections/semantic_cache_6072af95db565df6379dab12e61f9f5aeaacbc126b300c15fae1fcbaabdd3d8e
640	/data/collections/semantic_cache_4b69d0e859e9ce6aa8799ddb704b5e2f9967f11270f64c154ecd00d6c7314d1f
896	/data/collections/semantic_cache_80585eaea8272a23fd5ebb699d4fb090512f2acdb3f614a4c5e51c4b3078eda3
896	/data/collections/semantic_cache_29ee96ebbcea2ed9e6d59e3ced0f87c045d2d54d46402ab6b995047b8227a9b9
188	/data/collections/semantic_cache_7472e1cfc7aa9cca074ab8617dc6ec35bfdc4ddcc02443f77d3c37635fae73db
192	/data/collections/semantic_cache_6779a6ee9997eec0a0423db569be2f2e2cb7db2b95902608a0efa08ff3cda747
900	/data/collections/semantic_cache_b523f5ae566af382743f6c116ec07a50d9ba68daafcdbdeb63b72d1473f0ea12
896	/data/collections/semantic_cache_09eba70ead491f91406be221d3104e51eea0d9dcae3fe62c9512dda7f9aebd4d
928	/data/collections/semantic_cache_f13d9ba988a8d54a2f36924833ff6e985f15c190093e5e341bde55e1848df1f3
896	/data/collections/semantic_cache_fa2b3af4166d6720719d6adac25072c3c1d5e4c49ebc68d3d63c9a67286d21cb
928	/data/collections/semantic_cache_d624cf5c7754c354ec7676488f62beb0ee0b9eeb590fb1f78cacd67024463609
896	/data/collections/semantic_cache_7424f43de2d1f908633d9ed8f3822fdc583f8fbe14e4cbc1a85c8591218ae898
232	/data/collections/semantic_cache_3852b7d3e8d68a6a5ffc8f45af1256618ad939498a3fc6e6d357d7721b27efa4
272	/data/collections/semantic_cache_667769bbb1d8d52581ceb7ed8214831de26dc04e77ab8af961305172cd57b161
204	/data/collections/semantic_cache_9cfadd67f0952f546a916140cb117fbeff918d74241ba1a1759f8e319aaa1854
204	/data/collections/semantic_cache_e808f7bf46a2acc04faf4d33647f678896ddf6166c244eda282aa81b96a30b43
896	/data/collections/semantic_cache_9723f4317bd4f3e84a68b6ee7164516cd28b764d02a3b0291b54b2ab4fd842bf
896	/data/collections/semantic_cache_f1be83fdf5068376e7696557ba339b78d396256aab25f92b554324bfa9a90105
896	/data/collections/semantic_cache_b7fea3abdf311ca10f7373698e7e3e2c4db58e8ea08e9511898dcbb857775ebc
204	/data/collections/semantic_cache_aa5f176c9463369eae227a7b45ab389e656e99622e061695c0a024a684169802
896	/data/collections/semantic_cache_e1037d429c9eb61d9f96dbe7cf5f050228c58a5713ec7e6c914da02d408b188b
236	/data/collections/semantic_cache_9cc663e49d6bc44db28d5d0432dbf16a7d1b3d43c2eab5b19de8e07a66906a29
192	/data/collections/semantic_cache_8c879e63ead829fcaba11fd94968bce3e21391518daf4d572889c0a0a654de70
232	/data/collections/semantic_cache_46c40eaee53b89842545936850df528822406363d6dfc814fc69f6cf66defee6
204	/data/collections/semantic_cache_c56d3b6104e79122d83aadc37d28154f5e95b38f3c3ae8d0f03787340f50f4b6
248	/data/collections/semantic_cache_f384cf699c6c0aa81fbd59eb33f56a09a1ab93a22bb3c1c97b8226ecdf516108
896	/data/collections/semantic_cache_c9e7a884508320a8afae6ee9b3e3cd45652a9b68f31a99cc9c6502f100d53a60
896	/data/collections/semantic_cache_0a7a41897f118cf556e0ab2d73b99e4941b34e99b57bc23399e17668f5a740c9
236	/data/collections/semantic_cache_e2271b8f2c7d792517a6012020f8bf52b0e806191fcdefdafdd386e5712db627
188	/data/collections/semantic_cache_fb2833a31748b40f7a4c15586bab9f17a346c191acd606c4aa7a2d7bc9fa6605
896	/data/collections/semantic_cache_9aa8d20c0498fae7a655154c25285145c3bcb05e9a019d1e513025e980ca6b49
900	/data/collections/semantic_cache_b4d47299713085bfc7739043d8fb403e21519f849db631dfcbeb937d927f5143
232	/data/collections/semantic_cache_09090213f4ba0cde3f4eb801f068f13489184481a3f531fa88efc3c6e3f27226
236	/data/collections/semantic_cache_7ccd451acd8cfe931496cc0db1710e0aacd788023a79934e332c225d5a60af75
456	/data/collections/semantic_cache_e169c5c19df174b0d0d55f22f937937d41966999c23e7a4e7b9e295c4a8ff481
896	/data/collections/semantic_cache_8ee5c92339b39a98db9d83d351243abed13d34a103905d7c6e99fdaeca9a508e
396	/data/collections/semantic_cache_eca7a06ddabb5fbd6a2f55dc07be8aae5c09555f2819a545159b496e8095e74e
896	/data/collections/semantic_cache_d3543c8336cb21a900f34ce7a317d34b742898289566d132eefadbb26f3daa87
896	/data/collections/semantic_cache_0f413f5b5314eb9fad312fe148daf7fcb7495cb1747d5103cb3e555120fdf6aa
204	/data/collections/semantic_cache_d2242ef68e240dd17eb5dbdd52e25817f404ea65d482f3173c934b2468b27dab
488	/data/collections/semantic_cache_1f3b59f81c111852acd156a75d817df36b885e905bf662916ce40f511ef51218
896	/data/collections/semantic_cache_d9c939552f03ff730b018d8fd8d54019b4a35255adcdffe5f0b2ebc19cb07eb9
192	/data/collections/semantic_cache_4ab5e26d9eea4037ffc773184a19885283a4c8cab27a7d87ea1d4b6edd6d07e8
896	/data/collections/semantic_cache_b8c20e30af8d643e4a5d39806104e5f5af2d32b572a21e410a79666570b99333
896	/data/collections/semantic_cache_72a0358f76b5f0511a8a6c04ac00b5d32bdc76f4211ed4f7affb4017eee9e493
152	/data/collections/cross_process_1791075158350145971
896	/data/collections/semantic_cache_527992dd5ee28f8c565e1d7195523b04bc4bad0fb64ccdddb8ed41bc0be97f29
204	/data/collections/semantic_cache_c853b65ed5b9a2b95e24b418883dfb2d308995894b7d6f9ddce9161e97e94e8d
772	/data/collections/semantic_cache_9965f59d7729a61204e078fe7e8255af76da121cb76481db3d91242cf4e32e98
152	/data/collections/scheduler_training_samples
204	/data/collections/semantic_cache_b37fbf14b768528b5a9d30b5f6ff87ad47da4e812b8ad86cc602894bcddef278
896	/data/collections/semantic_cache_76f633132e564703c5c0dca3e3cbb71c6538c501089ec4be80f09e0adf723950
152	/data/collections/reuse_race_1791061678318994877_1
896	/data/collections/semantic_cache_db3c3b3255d51a9bc5dea63dbead1181dc7a8a076115c34e356fbfcef728379d
896	/data/collections/semantic_cache_0112a2ff630d5ee78cbf56f91ec7d52d1d8015230efe6f892db0d3e124ec0783
896	/data/collections/semantic_cache_fc9efae959d53f59c97203b738a13950639b46a784b6b5a34ec78545f7bfe52e
200	/data/collections/semantic_cache_63c0c539002b3c8bc2ad18c804fca07cc969fb59bfef66b0e5acc439eefa3076
204	/data/collections/semantic_cache_5114f4f47b252aaf39a82ad8bd2e287f602b099a0680179a27c914ea70d25d4f
232	/data/collections/semantic_cache_c67e6b1d0643a1d96041f56936196cc7f751fe9aa12d87c5a40c86962ef94037
896	/data/collections/semantic_cache_d25fe80aa5eff12e53ea92e9f002a9a4e58d4cbb1589e2e859ab08ee1c602ae3
904	/data/collections/semantic_cache_362f7b3ce5bc5d7da31d6538240ebf78693596d54e2b8cf0a54b280cea366c95
204	/data/collections/semantic_cache_d9b9a8c100a52a8f6cecec9226b96fc5e365c4daa24783fdafdef369deb7cae1
464	/data/collections/semantic_cache_dbd385fd7acdc53b90a51f77f656bf29e9b82bcde7b65eced771c50e9b114190
448	/data/collections/semantic_cache_bc5fcd121796e529f027e038f94bd575ac75dab69ee4775044e41f85f8af3764
192	/data/collections/semantic_cache_83826fc2de58b2f52e7f21940e56024a6711fd69a2ce3b644f112d2e6cbd9897
896	/data/collections/semantic_cache_b54aa8c46ff0b06516612a0fbbbde83490104031426d1c114d4c4b7a49f6a098
896	/data/collections/semantic_cache_a4cd74aa704f1a60f98b79277fda99cfa44310438d2ce989cfd6252844afbbac
192	/data/collections/semantic_cache_a856134c43517869791e480de0a114efa9439e93511ffd85775ca28d3d026af4
192	/data/collections/semantic_cache_bd030dc5779a8d12dbed16119610304ab280ee16e3968b3bb48716b9b7352438
204	/data/collections/semantic_cache_51741372f21bde7df0e5ae3677d01dbd449180559ea21748e6a915473d8eed42
448	/data/collections/semantic_cache_0ebec7f6ece1e43326e3919d4e9e904a2ddab160806c584d79571d93913dcee2
896	/data/collections/semantic_cache_1f61601170b36fe0f788e1b8afa66c2bd6a53a4324a9bd45dd147787f44bb4c0
896	/data/collections/semantic_cache_480e78bcad6a5aa8db7d808cfe14172ffe05d3b332b7fa88b4eb98b37765cc99
896	/data/collections/semantic_cache_d828af0fcc8376677afcff3dc6a41961bdf2d14af89ef977463fcbd8d1a7b930
896	/data/collections/semantic_cache_2f55386b98d9bc434fe2f15763794d4852c59e331a779f9653b9593a337b439e
192	/data/collections/semantic_cache_15c92c192086291095fa48e05fc43aa8a6fcf9417de3517d3bbd463c6feaa4e3
896	/data/collections/semantic_cache_293b5ceaf741389fb0fc9016a756ae6912972e61bad45368cfde14ceb338468c
204	/data/collections/semantic_cache_8ce7adee997221f154c5eeda78926a5228016fc0d25ff043a3d14f7ebafb7a72
900	/data/collections/semantic_cache_94d6155fb69bbeaee65b72c207e0f52be9e93518737a4f13b39e7d2a1adea66b
896	/data/collections/semantic_cache_c75754d170b41ff8571c8d10d315b9d80e01a41c7c1aa059940d13f89cbd8482
896	/data/collections/semantic_cache_b1e9410a0ee70369ecf94726ce97b6078993f6001adcb018fc5420fe33560b50
928	/data/collections/semantic_cache_c0da155d5c1e70bdf33d63ea466c45d9b6539a0bab13cf7a413816bb24fe8ba2
840	/data/collections/semantic_cache_e0f38533acb18eff62413e1a68c22c1e3eac7acd1ec61a690db77dc414a59a97
900	/data/collections/semantic_cache_b1455a2ca0193620c4098188a6bbbc12ccac5446e9253fad269616b0eeb43ac2
204	/data/collections/semantic_cache_a9f2244e755e212817e9dd61d131ba9fc1b947ea179dae588519ea9938c4fd65
896	/data/collections/semantic_cache_b5e12d9bbf8a81d67b14d7c871e98f36bbcd25529808b8fe4570da552413a5bd
264	/data/collections/semantic_cache_b68155d096bc19ef0147ef20c818a5b26ee899920520f394043db71d89a91a62
204	/data/collections/semantic_cache_ad7d5be160d4aa384fed26b6e2afe86e5b2a5a5fa1fdbf0e4ad6547d2eb7a79b
896	/data/collections/semantic_cache_bfabade06a2ebb42a21145e12eb25e5c0435937025c4358e055913b0bce7e610
192	/data/collections/semantic_cache_3a9e76bbebcfd518385a11c3ad59d4c0f23692f7b3d58990fa01ff43ed6eb05b
200	/data/collections/semantic_cache_4a9cfe20bb688bf626bb91ad9fb91b338ad2dc313bcce9035390ee88bc576a5a
232	/data/collections/semantic_cache_c679541d721907e0a3ab911d54d9c1bddde7a6c29ac70812e20b237c287ac1de
232	/data/collections/semantic_cache_36ec299c1dc0c66afcf2e16d66d45a80ad1361fdf08ccf1c402708e3b27810d7
444	/data/collections/semantic_cache_a5c18623ec31d315dfe806df58b4290f7c17656028296e14f4609f2732106fea
896	/data/collections/semantic_cache_98f58a031edaceb99802f8490e9098971d2a9f9789404c36039e853ea3dca12d
928	/data/collections/semantic_cache_732be0fa4c1ffe3bb58bb77ce4f1b2788c9653312a93326e00fe9d1ca82c87d7
192	/data/collections/semantic_cache_dbe251c21da17d517616f5b7935714457d17c6652e850956c23416765b661bbc
204	/data/collections/semantic_cache_e30a94cd707b7506711846a6a916e9fdaa16a421fff3b454c258c0095d3cdb4b
232	/data/collections/semantic_cache_cadbc0629186f30c5df2a176872015bef6a5de49faf563d8f25bf91286d3c674
896	/data/collections/semantic_cache_5595b5f66d3f0e10bd21edd20bb7d81ec848bc640eb5395b7f80ff9405a902c5
896	/data/collections/semantic_cache_6cf8c3faa74407a1f2cf9c201dbf62ba364e5d2d7f2e4a8ea05d3c95a2463df5
896	/data/collections/semantic_cache_5493ef9a7072018915e8912be8e024868d02404548e5963513aeb6b8466786e2
896	/data/collections/semantic_cache_a4d4005f6aab0423e524667d5e2142bad445ac62a3ae74fbb5bc6c14441774d1
188	/data/collections/semantic_cache_520b441010405ba520fc647313579c1331aecb3ec96349c0091378548446be5a
232	/data/collections/semantic_cache_66138e571e2ec9a7aa0503750e9bc21600863f6228a482b0517f7850dc0f1368
152	/data/collections/cross_process_1791067142378403529
920	/data/collections/semantic_cache_5125fe14a918453f2983ba58678c883190dd5c4eaca7afd0e9e8fafdf2925e39
456	/data/collections/semantic_cache_bdd69744e0a6b73696a6bde112bf7f518679d44868b18365eb436213919d3201
928	/data/collections/semantic_cache_da98b387caf29943b457e11f05db4b5558a48aa9541b0378157e24f33b78dbb1
452	/data/collections/semantic_cache_e4641a52759f974c3df29683db63c8ec81c124e1b0e5249ae18d2791d00cc485
152	/data/collections/wrong_distance_1791075158490829988
188	/data/collections/semantic_cache_bcabe41e3f2c3629ec90b4dc51aa25c0bc6a42391298503ffc7eded7df09daee
204	/data/collections/semantic_cache_0ba598eb8a95a42622b417ea262467bc666d80b183c5157c8e609c708dee785d
236	/data/collections/semantic_cache_f59c21558f71f0ef2f99ca9e50cb9399ab8c899cc158f88c58656efd7196be56
432	/data/collections/semantic_cache_8e017b2870805df2da111b0433ce8b3d6ba8a8826bef904d11326db397838e43
204	/data/collections/semantic_cache_d3fcf20d30ddc24d1674661ccc2f5b3e2d319222c6560296e77d9c64ec9760df
896	/data/collections/semantic_cache_37d6acbe8ec1f0112007e7d4c9e60ec57270a311c8f86ccbf155897cbe9dfa31
188	/data/collections/semantic_cache_e3828534d401decf3cfedc186334709dca3e16c90e6507e231a92c8f8e5ff7a5
928	/data/collections/semantic_cache_f3078c8ad5ebd7e15d8e07c2d6da9a9a7062912622f3b88cc06be738ce98758d
928	/data/collections/semantic_cache_58499b093ad012a50aecda7151e064081ec2382be47c02ab440411dc3477f04c
204	/data/collections/semantic_cache_7936a8edab488296325532983875c12e0aed121c4723fed42d5e5908d172ff56
896	/data/collections/semantic_cache_ac1426debfa8808c9a504ebbc3fe2780dc31c467b1ac413ee02715cb687241e9
896	/data/collections/semantic_cache_3ad9c84c79386458a99f61617d93ab2feea4001428350ebe75f0ff8a0c6d35a2
204	/data/collections/semantic_cache_d40c589b663f4dd4ffec89bfc7f4704180d92bb31c32e6d175d5b061a675b1e6
192	/data/collections/semantic_cache_c2935238dcb6d0c245408633ee41f227c372745d97c671e1ca6606686b298b01
264	/data/collections/semantic_cache_d3d40d0ec75f9033b4a91671a26cfbd297279032301c985ee5367e756293a785
204	/data/collections/semantic_cache_cbfec364ec6661c58a89525f1b4a3c18dda41b6c5f691c75c00461df56e297d8
900	/data/collections/semantic_cache_a683f51d4b691458a7a0005e92079609a93235dfd0d89002a9b0278eb2401501
456	/data/collections/semantic_cache_4ce512cdfee2a0892fef0e3c9d909feef8168cab1aa54614ad90d3d3acd3680e
200	/data/collections/semantic_cache_15435a616fa064a075dabb48b4b1e0d9b572ba65030985b444c30d328ccac1cd
204	/data/collections/semantic_cache_f4e81917cd02cc0f42ac578d8344136ebac203a3d61f0571e325a09e8223d878
772	/data/collections/semantic_cache_12539814aeb5e7a26deb86783e33e63abaa82f8e2f1d0909654e6bd2eb1ee792
896	/data/collections/semantic_cache_3f23a3833819d48feb8f3006f7642b2122458675db02483e84f1c692b194714e
152	/data/collections/reuse_race_1791061678279427321_0
204	/data/collections/semantic_cache_98d21b6299ea2ea04e496f7b579b67f1bc88aa2dd39e3789f98bfa46f8a0c8c6
192	/data/collections/semantic_cache_d34cd2ef881d2964d817ec05784affcca79572754cb4b1c11d9cdaa61867b324
900	/data/collections/semantic_cache_790add4bb342d5f44b2218d69e30af9bb31fa989558fadf7f207819ca6149c02
928	/data/collections/semantic_cache_97ace17b770893196d0fc533090ae7b6dada4fac1cc783d98360c2aa52b663c5
304	/data/collections/semantic_cache_aa404d4cc2e4a0d2ec7881dae9c42711ba2d6205c37addaa36bd397d3e5624da
928	/data/collections/semantic_cache_5eb95d4c3ca199c9a1301ba26bd3078cdc638c751fd588ccca5f9ab25084ea5a
152	/data/collections/reuse_race_1791062965418371836_2
204	/data/collections/semantic_cache_cdfb23a78d58b1b44a3582fdb268ef9351ae6fc088e7ffae78743f9b8572d4af
1560	/data/collections/semantic_cache_3d2a16face62e39cfba49528bc30021e05660aa8ae292031b4e1955eeb9805a8
772	/data/collections/semantic_cache_6a0494663fb37aa17003bb9b9c5215c40b67c35b9db835b086554edacce899d2
204	/data/collections/semantic_cache_ede485d6afd7f71e98f5e768bba93a5c7cffbcd53c2f892162a4af9595e6b569
928	/data/collections/semantic_cache_5bd50b0b4f1c8504a51d0005a88cc8d3333176845075f7252cbc644a9d1c35e3
196	/data/collections/semantic_cache_77a22da012b965b36fd24f8bf96644784478ecdec19da4f1561f655144734131
780	/data/collections/semantic_cache_b6e3ea3774b6343d49f605f84690f98a914d35cc5be424775038f492a4cb9863
928	/data/collections/semantic_cache_0648350302df110eefcf6b8a7ec8c32f0dc7bc655b00363ecc57241703154b04
928	/data/collections/semantic_cache_0f7f4c4c871158b1a84ed20e8b64cc8ee68570232e5546559d93c1f081994d3f
896	/data/collections/semantic_cache_4272fef6cf2d08b9cf59be136c3f61d6fcffdd48da11e26c77a4ca0d1780ae33
152	/data/collections/reuse_race_1791062434905268397_1
932	/data/collections/semantic_cache_d68af6ada456149275431ecabf28b0c22341a14d227f5ec5e453b848dcb5847a
896	/data/collections/semantic_cache_b44a07ce9af37218b055dd014ef80a79e3885289a9b4e38fd2cc87cc5af84a49
152	/data/collections/wrong_distance_1791088718820751381
896	/data/collections/semantic_cache_6a2ea76d7760109595cc63f8a04defd0f870f0f4726283781d2c74118975f6fe
192	/data/collections/semantic_cache_4ae5ba7d21a6399d56619d5d41206ab3a9435829fe1909bc2ab0605b31178b31
272	/data/collections/semantic_cache_d2762c813c4388d397f6468a172628b7cbcc6a44226d382ce5f37c663a9f765a
224	/data/collections/semantic_cache_d616a6146ade153890b8a20f90b112910bb1bc6216dd83502c33b487df18bede
896	/data/collections/semantic_cache_7a0934c4379411498df56d9a29c72cb6e5a37888618c1738470db2d1ebbaf226
928	/data/collections/semantic_cache_fc220cb8b882d6765f288a74c23c6bc931b6d82b3c4eb1b25d0b5a5ee319d043
900	/data/collections/semantic_cache_446c72a7d272148f23c70cf2aa53cdc9e265703b6fb0030ecf7b125ec5890e87
236	/data/collections/semantic_cache_fa7c45af0f6683ceb47ebc99e8ecbd480cf4552a25f6096f5411a0224af53f4d
204	/data/collections/semantic_cache_66c869f737ebe9d03ada3c977ecfeadd2eb351f619d9e278ca8860e0436907df
624	/data/collections/semantic_cache_adecbcac9670fc2bda75f6f39e09e76816154095481432ed81c6bb16d47e8a90
452	/data/collections/semantic_cache_90ac0494d792c226220145460cf52192b1735ed7637b57b619ad3705b5b7e146
896	/data/collections/semantic_cache_72bdcf00a69dcde2705cabfa73dec478c2899ef6d27bceb5361544964368828e
152	/data/collections/reuse_race_1791062965384633196_1
780	/data/collections/semantic_cache_b5fa4273933f2364c205fbcdbf03c5a1d9d502c8d5382fdfda5c2979e03c6208
456	/data/collections/semantic_cache_c348370a09cf424897b20d56c248a0f6b892efb9303312846f83b82adedb32e1
188	/data/collections/semantic_cache_999785d43f639cee2f42d09452f57ec5129184252a371c056306e2d180c930d4
928	/data/collections/semantic_cache_8e182946187114aa419d94e2bd6865a6314d90129a09fd0fd73e533c1ae4c472
900	/data/collections/semantic_cache_c740368a353ff1c97934b04bc254caa228636c8bfc51e815262ec4b9a47a037a
192	/data/collections/semantic_cache_56567128d78659549ea152bdf80b9886ade069dbe668e28a1b91bbf0ec80b78e
188	/data/collections/semantic_cache_6e32ad8a9e89b4a37a0ed98698384c18d3b6b154006f17b79c7f105ff438e1d0
188	/data/collections/semantic_cache_68c81f2781f7abe6ed0feba38aae5f2b859ac04170d0c391876c478b099a8ee7
188	/data/collections/semantic_cache_53993c8db11bdc552ffeeb9210d98edd33b192d50ae3ca47716852d68cb52da3
896	/data/collections/semantic_cache_2cde0d21905ce91f1ba2b343aab8d6e2ecb57c3a331d57393eda22e8264f1ada
232	/data/collections/semantic_cache_554b325a882ed1a05f18278c8bf5e851fc209da7cf8cb71e74505b6f327053a9
204	/data/collections/semantic_cache_6c6db3dbb1efe274d700cdf81bb77411490515a6942c492cd617cf845d3f92df
896	/data/collections/semantic_cache_8161ce6f8d5d29988451672ae5e9afe6441a978b2578c46c2996ac340000600b
204	/data/collections/semantic_cache_6aa902f0e028cdea1af3956101bc529b2ae482861810700d609f23cfcd454974
192	/data/collections/semantic_cache_f008cd4db0cf76ab87a207c38f833fd00c28bc4261db6d14b0ef5f1bd2db870d
456	/data/collections/semantic_cache_ab79c1ae9ce54739cef5d77c8ce15dd2c5dfcabea35bccba0ecb5e03b71b6e6a
14368	/data/collections/component_capacity_1791087496153873918
204	/data/collections/semantic_cache_ff01b1c30fde52981ab187ab1d064c714fe9e0a00f6d3c67b492a6c154ca9fda
152	/data/collections/reuse_race_1791062965453318551_3
928	/data/collections/semantic_cache_856b5a5d3802dee1a340b3b8276f14e1ce40c8d264138463a1938b6e98abf668
928	/data/collections/semantic_cache_6937e023a95a05f06e736797a198c06f39df9dfa77c745ef76bc3331b2c2fe74
896	/data/collections/semantic_cache_d0ba4ce275b72ee5595cf7b75dc7a305c35ff0ceb2186bc8504033dd7f725de7
928	/data/collections/semantic_cache_f53ba915fdf35a69cd7ebf1cdee7a87620a954f1679c7e1571a70bdad848e6e3
912	/data/collections/semantic_cache_6ddb88b6f99c13e400ee17bfec4ac8d34d2c6de9ee6cc838a4812b1a6c3522d1
204	/data/collections/semantic_cache_9120ac7735d940627eb51a94a8b098eb0cb6a7afc4c964c76d9ec8c839018dd3
272	/data/collections/semantic_cache_2bb289537ed531086d2239daefed0319e89183709ea0478c1736047a9de59103
236	/data/collections/semantic_cache_ae8a9641cf3468d3938e4dabd6cee9ecf84517d8c160f7e6b1d898a50eb72915
204	/data/collections/semantic_cache_5ee0b5e3a388b2258077f5b9c89a8870092a484163bb3401a2ba8aefa324d327
896	/data/collections/semantic_cache_132334aa367b4e696605a997058c03b806fc2e45280bdc9199e884106b3a6f10
232	/data/collections/semantic_cache_52b9d404ef3a77fea90b10cbc9d6f9c0696f35dcae2abdc0645c1ea2f6dfe60c
896	/data/collections/semantic_cache_61a01c32389b57f9bdcd38eef85c8d3c73836d3fedcf6a385c197532cab91689
928	/data/collections/semantic_cache_2174ac2569988148b88664af4581743a071588db7000f7419bda3d3738581f1a
896	/data/collections/semantic_cache_aa6d8d140a6cabbb7d9a5ff165439931c1d9da41f67054bfdf3d3feab5d298c3
236	/data/collections/semantic_cache_15f6522ef02fc5eaf5b0f23c3b9126b95165bd75d31f8994dc596e5bc85bd5a4
896	/data/collections/semantic_cache_f1d3f42ff71216b3ccdc0cae23e6018709c35a01192829df6f708551449e4c26
192	/data/collections/semantic_cache_7566ce32bb85348c99d055571e42a0658355cafbb9a439833896495ee52bdb84
204	/data/collections/semantic_cache_730ab15a0968643c88720a2df02bcb8a8bf78f4435127164fec87fc40d6d8642
204	/data/collections/semantic_cache_f3edd0fa31ce468661265a7cf496e000ab1df7110f6d8d72baca8964fe740f1d
456	/data/collections/semantic_cache_6bfc0f69e3848214e11cb4fb422de5506eade6e92000137b037ba81777fb42d8
452	/data/collections/semantic_cache_1c1387509304bcfc8c0207cb40f30782a2cbe92f0b3af19f3fa355123567490f
896	/data/collections/semantic_cache_ab6f64a9080f6648841f959b4d4034e480b5b87631801f5fa2fe78fb3845b68a
232	/data/collections/semantic_cache_6ca7fef6f001d6397286e464114007ead136249a26c84331e71664c26acade13
900	/data/collections/semantic_cache_83444835d77e611f77d0d2767d2cc8bb5f80a26cf13b12d1b60ae76402273fa5
192	/data/collections/semantic_cache_3ac5b2cb9b100b3c411ba6f449b57a1836418f4a15fe04499ee282489371e7cf
896	/data/collections/semantic_cache_f859f718c6681d1624d8e4e20c7e55949d7a0468373082e883fb06781b616833
928	/data/collections/semantic_cache_25649c4d9f76de0b0265ca840b74efeb76e1ca349e2e43b70d9073c46def16e6
204	/data/collections/semantic_cache_3eca094a4d01d7a76f5274c6399b570df60dcbd032c5ef0647f0e792c4e051a2
152	/data/collections/cross_process_1791088718706603444
152	/data/collections/wrong_distance_1791067142497859772
448	/data/collections/semantic_cache_3cfb94078e3bc9d8b01bc49f109e151f1cb3794ee33a99af80ab0fa0668f617d
152	/data/collections/reuse_race_1791061678364543916_2
217340	/data/collections
217360	/data
