MemTotal:        7553724 kB
MemFree:          220860 kB
MemAvailable:    6898828 kB
Buffers:           50468 kB
Cached:          6805576 kB
SwapCached:        46852 kB
Active:          1402044 kB
Inactive:        5542072 kB
Active(anon):      81168 kB
Inactive(anon):    14676 kB
Active(file):    1320876 kB
Inactive(file):  5527396 kB
Unevictable:        9764 kB
Mlocked:            9764 kB
SwapTotal:       3954684 kB
SwapFree:        3791360 kB
Zswap:                 0 kB
Zswapped:              0 kB
Dirty:                48 kB
Writeback:             0 kB
AnonPages:         92860 kB
Mapped:           114932 kB
Shmem:               332 kB
KReclaimable:     101080 kB
Slab:             230216 kB
SReclaimable:     101080 kB
SUnreclaim:       129136 kB
KernelStack:        6864 kB
PageTables:         4548 kB
SecPageTables:         0 kB
NFS_Unstable:          0 kB
Bounce:                0 kB
WritebackTmp:          0 kB
CommitLimit:     7731544 kB
Committed_AS:     896104 kB
VmallocTotal:   34359738367 kB
VmallocUsed:       28176 kB
VmallocChunk:          0 kB
Percpu:            74240 kB
HardwareCorrupted:     0 kB
AnonHugePages:         0 kB
ShmemHugePages:        0 kB
ShmemPmdMapped:        0 kB
FileHugePages:         0 kB
FilePmdMapped:         0 kB
CmaTotal:              0 kB
CmaFree:               0 kB
Unaccepted:            0 kB
Balloon:               0 kB
HugePages_Total:       0
HugePages_Free:        0
HugePages_Rsvd:        0
HugePages_Surp:        0
Hugepagesize:       2048 kB
Hugetlb:               0 kB
DirectMap4k:      155520 kB
DirectMap2M:     5087232 kB
DirectMap1G:     5242880 kB
some avg10=0.00 avg60=0.00 avg300=0.25 total=28388134
full avg10=0.00 avg60=0.00 avg300=0.24 total=26746421
Filesystem                        1K-blocks     Used Available Use% Mounted on
/dev/mapper/ubuntu--vg-ubuntu--lv  38905184 23621756  13274956  65% /
vm.swappiness = 60
