dependency ready: veloxmesh-test-redis
dependency ready: veloxmesh-test-qdrant
dependency ready: veloxmesh-test-postgres
dependency readiness attempt=1 error=Qdrant readiness: Process exited with status 56 output=PONG
/var/run/postgresql:5432 - accepting connections
dependency readiness attempt=2 error=Qdrant readiness: Process exited with status 56 output=PONG
/var/run/postgresql:5432 - accepting connections
dependency readiness attempt=3 error=Qdrant readiness: Process exited with status 56 output=PONG
/var/run/postgresql:5432 - accepting connections
dependency readiness attempt=4 error=Qdrant readiness: Process exited with status 56 output=PONG
/var/run/postgresql:5432 - accepting connections
dependency readiness attempt=5 error=Qdrant readiness: Process exited with status 56 output=PONG
/var/run/postgresql:5432 - accepting connections
dependency readiness attempt=6 error=Qdrant readiness: Process exited with status 56 output=PONG
/var/run/postgresql:5432 - accepting connections
dependency readiness attempt=7 error=Qdrant readiness: Process exited with status 56 output=PONG
/var/run/postgresql:5432 - accepting connections
dependency readiness attempt=8 error=Qdrant readiness: Process exited with status 56 output=PONG
/var/run/postgresql:5432 - accepting connections
dependency readiness attempt=9 error=Qdrant readiness: Process exited with status 56 output=PONG
/var/run/postgresql:5432 - accepting connections
dependency readiness attempt=10 error=Qdrant readiness: Process exited with status 56 output=PONG
/var/run/postgresql:5432 - accepting connections
dependency readiness attempt=11 error=Qdrant readiness: Process exited with status 56 output=PONG
/var/run/postgresql:5432 - accepting connections
dependency readiness attempt=12 error=Qdrant readiness: Process exited with status 56 output=PONG
/var/run/postgresql:5432 - accepting connections
TestLiveHealthSnapshotDelayMatrix exit: <nil>
TestLiveRoutingHealthDependencyError exit: <nil>
TestLiveHealthDependencyRoutes exit: <nil>
TestLiveHealthDependencyHealthyPeer exit: <nil>
TestLiveStreamSettlement exit: <nil>
TestLiveStreamCancellation exit: <nil>
TestLiveBufferedStream exit: <nil>
TestLiveFusionStream exit: <nil>
TestLiveRedisProviderIsolation exit: <nil>
TestLiveRedisConcurrentSnapshots exit: <nil>
TestLiveRedisStalePublication exit: <nil>
/veloxmesh-test-redis false
/veloxmesh-test-qdrant false
/veloxmesh-test-postgres false
