dependency ready: veloxmesh-test-redis
dependency ready: veloxmesh-test-qdrant
dependency ready: veloxmesh-test-postgres
dependency readiness attempt=1 error=Qdrant readiness: Process exited with status 56 output=PONG
/var/run/postgresql:5432 - accepting connections
dependency readiness attempt=2 error=Qdrant readiness: Process exited with status 56 output=PONG
/var/run/postgresql:5432 - accepting connections
dependency readiness attempt=3 error=Qdrant readiness: Process exited with status 56 output=PONG
/var/run/postgresql:5432 - accepting connections
dependency readiness attempt=4 error=Qdrant readiness: Process exited with status 56 output=PONG
/var/run/postgresql:5432 - accepting connections
dependency readiness attempt=5 error=Qdrant readiness: Process exited with status 56 output=PONG
/var/run/postgresql:5432 - accepting connections
dependency readiness attempt=6 error=Qdrant readiness: Process exited with status 56 output=PONG
/var/run/postgresql:5432 - accepting connections
dependency readiness attempt=7 error=Qdrant readiness: Process exited with status 56 output=PONG
/var/run/postgresql:5432 - accepting connections
dependency readiness attempt=8 error=Qdrant readiness: Process exited with status 56 output=PONG
/var/run/postgresql:5432 - accepting connections
dependency readiness attempt=9 error=Qdrant readiness: Process exited with status 56 output=PONG
/var/run/postgresql:5432 - accepting connections
dependency readiness attempt=10 error=Qdrant readiness: Process exited with status 56 output=PONG
/var/run/postgresql:5432 - accepting connections
dependency readiness attempt=11 error=Qdrant readiness: Process exited with status 56 output=PONG
/var/run/postgresql:5432 - accepting connections
dependency readiness attempt=12 error=Qdrant readiness: Process exited with status 56 output=PONG
/var/run/postgresql:5432 - accepting connections
dependency readiness attempt=13 error=Qdrant readiness: Process exited with status 56 output=PONG
/var/run/postgresql:5432 - accepting connections
dependency readiness attempt=14 error=Qdrant readiness: Process exited with status 56 output=PONG
/var/run/postgresql:5432 - accepting connections
dependency readiness attempt=15 error=Qdrant readiness: Process exited with status 56 output=PONG
/var/run/postgresql:5432 - accepting connections
dependency readiness attempt=16 error=Qdrant readiness: Process exited with status 56 output=PONG
/var/run/postgresql:5432 - accepting connections
dependency readiness attempt=17 error=Qdrant readiness: Process exited with status 56 output=PONG
/var/run/postgresql:5432 - accepting connections
dependency readiness attempt=18 error=Qdrant readiness: Process exited with status 56 output=PONG
/var/run/postgresql:5432 - accepting connections
dependency readiness attempt=19 error=Qdrant readiness: Process exited with status 56 output=PONG
/var/run/postgresql:5432 - accepting connections
dependency readiness attempt=20 error=Qdrant readiness: Process exited with status 56 output=PONG
/var/run/postgresql:5432 - accepting connections
dependency readiness attempt=21 error=Qdrant readiness: Process exited with status 56 output=PONG
/var/run/postgresql:5432 - accepting connections
dependency readiness attempt=22 error=Qdrant readiness: Process exited with status 56 output=PONG
/var/run/postgresql:5432 - accepting connections
dependency readiness attempt=23 error=Qdrant readiness: Process exited with status 56 output=PONG
/var/run/postgresql:5432 - accepting connections
dependency readiness attempt=24 error=Qdrant readiness: Process exited with status 56 output=PONG
/var/run/postgresql:5432 - accepting connections
dependency readiness attempt=25 error=Qdrant readiness: Process exited with status 52 output=PONG
/var/run/postgresql:5432 - accepting connections
dependency readiness attempt=26 error=Qdrant readiness: Process exited with status 56 output=PONG
/var/run/postgresql:5432 - accepting connections
{"label":"provider-protection-final","status":0}
{"label":"protected-stream-final","status":0}
{"label":"backend-regression-final","status":1}
batch stage final-checks: exit status 1
/veloxmesh-test-redis false
/veloxmesh-test-qdrant false
/veloxmesh-test-postgres false
one or more batch stages failed; raw evidence retained
