2026-10-04T18:54:45Z
MemTotal:        7553724 kB
MemFree:         6630972 kB
MemAvailable:    6916740 kB
Buffers:           53316 kB
Cached:           431724 kB
SwapCached:        47712 kB
Active:           441796 kB
Inactive:         134548 kB
Active(anon):      86928 kB
Inactive(anon):    15696 kB
Active(file):     354868 kB
Inactive(file):   118852 kB
Unevictable:        9764 kB
Mlocked:            9764 kB
SwapTotal:       3954684 kB
SwapFree:        3859528 kB
Zswap:                 0 kB
Zswapped:              0 kB
Dirty:                48 kB
Writeback:             0 kB
AnonPages:         94152 kB
Mapped:           122156 kB
Shmem:              3880 kB
KReclaimable:      65780 kB
Slab:             194912 kB
SReclaimable:      65780 kB
SUnreclaim:       129132 kB
KernelStack:        6832 kB
PageTables:         4868 kB
SecPageTables:         0 kB
NFS_Unstable:          0 kB
Bounce:                0 kB
WritebackTmp:          0 kB
CommitLimit:     7731544 kB
Committed_AS:     833112 kB
VmallocTotal:   34359738367 kB
VmallocUsed:       28152 kB
VmallocChunk:          0 kB
Percpu:            74240 kB
HardwareCorrupted:     0 kB
AnonHugePages:         0 kB
ShmemHugePages:        0 kB
ShmemPmdMapped:        0 kB
FileHugePages:         0 kB
FilePmdMapped:         0 kB
CmaTotal:              0 kB
CmaFree:               0 kB
Unaccepted:            0 kB
Balloon:               0 kB
HugePages_Total:       0
HugePages_Free:        0
HugePages_Rsvd:        0
HugePages_Surp:        0
Hugepagesize:       2048 kB
Hugetlb:               0 kB
DirectMap4k:      159616 kB
DirectMap2M:     6131712 kB
DirectMap1G:     4194304 kB
some avg10=0.00 avg60=0.00 avg300=0.00 total=28388134
full avg10=0.00 avg60=0.00 avg300=0.00 total=26746421
