2026-10-04T18:43:00Z
MemTotal:        7553724 kB
MemFree:          230888 kB
MemAvailable:    6922800 kB
Buffers:           51960 kB
Cached:          6817932 kB
SwapCached:        45860 kB
Active:          1400076 kB
Inactive:        5544424 kB
Active(anon):      67920 kB
Inactive(anon):    14464 kB
Active(file):    1332156 kB
Inactive(file):  5529960 kB
Unevictable:        9764 kB
Mlocked:            9764 kB
SwapTotal:       3954684 kB
SwapFree:        3792472 kB
Zswap:                 0 kB
Zswapped:              0 kB
Dirty:              1212 kB
Writeback:             0 kB
AnonPages:         79440 kB
Mapped:           118616 kB
Shmem:               336 kB
KReclaimable:     101276 kB
Slab:             230208 kB
SReclaimable:     101276 kB
SUnreclaim:       128932 kB
KernelStack:        6804 kB
PageTables:         4652 kB
SecPageTables:         0 kB
NFS_Unstable:          0 kB
Bounce:                0 kB
WritebackTmp:          0 kB
CommitLimit:     7731544 kB
Committed_AS:     896528 kB
VmallocTotal:   34359738367 kB
VmallocUsed:       28048 kB
VmallocChunk:          0 kB
Percpu:            74240 kB
HardwareCorrupted:     0 kB
AnonHugePages:         0 kB
ShmemHugePages:        0 kB
ShmemPmdMapped:        0 kB
FileHugePages:         0 kB
FilePmdMapped:         0 kB
CmaTotal:              0 kB
CmaFree:               0 kB
Unaccepted:            0 kB
Balloon:               0 kB
HugePages_Total:       0
HugePages_Free:        0
HugePages_Rsvd:        0
HugePages_Surp:        0
Hugepagesize:       2048 kB
Hugetlb:               0 kB
DirectMap4k:      155520 kB
DirectMap2M:     5087232 kB
DirectMap1G:     5242880 kB
some avg10=0.00 avg60=0.00 avg300=0.00 total=28388134
full avg10=0.00 avg60=0.00 avg300=0.00 total=26746421
Filesystem                        1K-blocks     Used Available Use% Mounted on
/dev/mapper/ubuntu--vg-ubuntu--lv  38905184 23621772  13274940  65% /
State  Recv-Q Send-Q Local Address:Port Peer Address:Port
LISTEN 0      4096   127.0.0.53%lo:53        0.0.0.0:*   
LISTEN 0      4096         0.0.0.0:22        0.0.0.0:*   
LISTEN 0      4096      127.0.0.54:53        0.0.0.0:*   
LISTEN 0      4096            [::]:22           [::]:*   
